// Jest Snapshot v1, https://goo.gl/fbAQLP

exports[`Pruebas en TodoApp.test debe mostrarse correctamente 1`] = `
<Fragment>
  <h4
    id="TodoAppTitle"
  >
    TodoApp (
    0
    )
  </h4>
  <hr />
  <div
    className="row"
  >
    <div
      className="col-7"
    >
      <TodoList
        handleDelete={[Function]}
        todos={Array []}
        toggleDone={[Function]}
      />
    </div>
    <div
      className="col-5"
    >
      <TodoAdd
        handleAddTodo={[Function]}
      />
    </div>
  </div>
</Fragment>
`;
